es\urjc\etsii\dad\Components\BatallaRepository.class
es\urjc\etsii\dad\Components\CacheController.class
es\urjc\etsii\dad\Components\BatallaWebController.class
es\urjc\etsii\dad\Components\Puja.class
es\urjc\etsii\dad\Components\BatallaService.class
es\urjc\etsii\dad\Components\Enums$Nacion.class
es\urjc\etsii\dad\Components\MercadoRepository.class
es\urjc\etsii\dad\Components\Mercado.class
es\urjc\etsii\dad\Components\ControlPuja.class
es\urjc\etsii\dad\Components\Enums.class
es\urjc\etsii\dad\Components\UserRepositoryAuthenticationProvider.class
es\urjc\etsii\dad\Components\Enums$TipoBatalla.class
es\urjc\etsii\dad\Components\UserWebController.class
es\urjc\etsii\dad\Components\Personaje.class
es\urjc\etsii\dad\Components\ControlPersonajes.class
es\urjc\etsii\dad\Components\ControlUsuarios.class
es\urjc\etsii\dad\Components\PujaRepository.class
es\urjc\etsii\dad\Components\AHistoryFantasyApplication.class
es\urjc\etsii\dad\Components\Batalla.class
es\urjc\etsii\dad\Components\ControlFormaciones.class
es\urjc\etsii\dad\Components\User.class
es\urjc\etsii\dad\Components\ControlMercado.class
es\urjc\etsii\dad\Components\Formacion.class
es\urjc\etsii\dad\Components\CommManager.class
es\urjc\etsii\dad\Components\PersonajeRepository.class
es\urjc\etsii\dad\Components\BasicWebController.class
es\urjc\etsii\dad\Components\MercadoWebController.class
es\urjc\etsii\dad\Components\UserRepository.class
es\urjc\etsii\dad\Components\FormacionRepository.class
es\urjc\etsii\dad\Components\SecurityConfiguration.class
es\urjc\etsii\dad\Components\PersonajeWebController.class
es\urjc\etsii\dad\Components\WebController.class
