D:\UNIVERSIDAD\4º\2º CUATRIMESTRE\DESARROLLO APPS DISTRIBUIDAS\HistoryFantasy\A-Fantasy-about-History\A-Fantasy-about-History\Proyecto\A-History-Fantasy\src\main\java\es\urjc\etsii\dad\Components\ControlFormaciones.java
D:\UNIVERSIDAD\4º\2º CUATRIMESTRE\DESARROLLO APPS DISTRIBUIDAS\HistoryFantasy\A-Fantasy-about-History\A-Fantasy-about-History\Proyecto\A-History-Fantasy\src\main\java\es\urjc\etsii\dad\Components\Puja.java
D:\UNIVERSIDAD\4º\2º CUATRIMESTRE\DESARROLLO APPS DISTRIBUIDAS\HistoryFantasy\A-Fantasy-about-History\A-Fantasy-about-History\Proyecto\A-History-Fantasy\src\main\java\es\urjc\etsii\dad\Components\CommManager.java
D:\UNIVERSIDAD\4º\2º CUATRIMESTRE\DESARROLLO APPS DISTRIBUIDAS\HistoryFantasy\A-Fantasy-about-History\A-Fantasy-about-History\Proyecto\A-History-Fantasy\src\main\java\es\urjc\etsii\dad\Components\CacheController.java
D:\UNIVERSIDAD\4º\2º CUATRIMESTRE\DESARROLLO APPS DISTRIBUIDAS\HistoryFantasy\A-Fantasy-about-History\A-Fantasy-about-History\Proyecto\A-History-Fantasy\src\main\java\es\urjc\etsii\dad\Components\Formacion.java
D:\UNIVERSIDAD\4º\2º CUATRIMESTRE\DESARROLLO APPS DISTRIBUIDAS\HistoryFantasy\A-Fantasy-about-History\A-Fantasy-about-History\Proyecto\A-History-Fantasy\src\main\java\es\urjc\etsii\dad\Components\MercadoRepository.java
D:\UNIVERSIDAD\4º\2º CUATRIMESTRE\DESARROLLO APPS DISTRIBUIDAS\HistoryFantasy\A-Fantasy-about-History\A-Fantasy-about-History\Proyecto\A-History-Fantasy\src\main\java\es\urjc\etsii\dad\Components\Enums.java
D:\UNIVERSIDAD\4º\2º CUATRIMESTRE\DESARROLLO APPS DISTRIBUIDAS\HistoryFantasy\A-Fantasy-about-History\A-Fantasy-about-History\Proyecto\A-History-Fantasy\src\main\java\es\urjc\etsii\dad\Components\SecurityConfiguration.java
D:\UNIVERSIDAD\4º\2º CUATRIMESTRE\DESARROLLO APPS DISTRIBUIDAS\HistoryFantasy\A-Fantasy-about-History\A-Fantasy-about-History\Proyecto\A-History-Fantasy\src\main\java\es\urjc\etsii\dad\Components\Batalla.java
D:\UNIVERSIDAD\4º\2º CUATRIMESTRE\DESARROLLO APPS DISTRIBUIDAS\HistoryFantasy\A-Fantasy-about-History\A-Fantasy-about-History\Proyecto\A-History-Fantasy\src\main\java\es\urjc\etsii\dad\Components\PujaRepository.java
D:\UNIVERSIDAD\4º\2º CUATRIMESTRE\DESARROLLO APPS DISTRIBUIDAS\HistoryFantasy\A-Fantasy-about-History\A-Fantasy-about-History\Proyecto\A-History-Fantasy\src\main\java\es\urjc\etsii\dad\Components\UserWebController.java
D:\UNIVERSIDAD\4º\2º CUATRIMESTRE\DESARROLLO APPS DISTRIBUIDAS\HistoryFantasy\A-Fantasy-about-History\A-Fantasy-about-History\Proyecto\A-History-Fantasy\src\main\java\es\urjc\etsii\dad\Components\AHistoryFantasyApplication.java
D:\UNIVERSIDAD\4º\2º CUATRIMESTRE\DESARROLLO APPS DISTRIBUIDAS\HistoryFantasy\A-Fantasy-about-History\A-Fantasy-about-History\Proyecto\A-History-Fantasy\src\main\java\es\urjc\etsii\dad\Components\ControlMercado.java
D:\UNIVERSIDAD\4º\2º CUATRIMESTRE\DESARROLLO APPS DISTRIBUIDAS\HistoryFantasy\A-Fantasy-about-History\A-Fantasy-about-History\Proyecto\A-History-Fantasy\src\main\java\es\urjc\etsii\dad\Components\PersonajeWebController.java
D:\UNIVERSIDAD\4º\2º CUATRIMESTRE\DESARROLLO APPS DISTRIBUIDAS\HistoryFantasy\A-Fantasy-about-History\A-Fantasy-about-History\Proyecto\A-History-Fantasy\src\main\java\es\urjc\etsii\dad\Components\PersonajeRepository.java
D:\UNIVERSIDAD\4º\2º CUATRIMESTRE\DESARROLLO APPS DISTRIBUIDAS\HistoryFantasy\A-Fantasy-about-History\A-Fantasy-about-History\Proyecto\A-History-Fantasy\src\main\java\es\urjc\etsii\dad\Components\ControlUsuarios.java
D:\UNIVERSIDAD\4º\2º CUATRIMESTRE\DESARROLLO APPS DISTRIBUIDAS\HistoryFantasy\A-Fantasy-about-History\A-Fantasy-about-History\Proyecto\A-History-Fantasy\src\main\java\es\urjc\etsii\dad\Components\BasicWebController.java
D:\UNIVERSIDAD\4º\2º CUATRIMESTRE\DESARROLLO APPS DISTRIBUIDAS\HistoryFantasy\A-Fantasy-about-History\A-Fantasy-about-History\Proyecto\A-History-Fantasy\src\main\java\es\urjc\etsii\dad\Components\ControlPuja.java
D:\UNIVERSIDAD\4º\2º CUATRIMESTRE\DESARROLLO APPS DISTRIBUIDAS\HistoryFantasy\A-Fantasy-about-History\A-Fantasy-about-History\Proyecto\A-History-Fantasy\src\main\java\es\urjc\etsii\dad\Components\ControlPersonajes.java
D:\UNIVERSIDAD\4º\2º CUATRIMESTRE\DESARROLLO APPS DISTRIBUIDAS\HistoryFantasy\A-Fantasy-about-History\A-Fantasy-about-History\Proyecto\A-History-Fantasy\src\main\java\es\urjc\etsii\dad\Components\BatallaRepository.java
D:\UNIVERSIDAD\4º\2º CUATRIMESTRE\DESARROLLO APPS DISTRIBUIDAS\HistoryFantasy\A-Fantasy-about-History\A-Fantasy-about-History\Proyecto\A-History-Fantasy\src\main\java\es\urjc\etsii\dad\Components\UserRepository.java
D:\UNIVERSIDAD\4º\2º CUATRIMESTRE\DESARROLLO APPS DISTRIBUIDAS\HistoryFantasy\A-Fantasy-about-History\A-Fantasy-about-History\Proyecto\A-History-Fantasy\src\main\java\es\urjc\etsii\dad\Components\BatallaService.java
D:\UNIVERSIDAD\4º\2º CUATRIMESTRE\DESARROLLO APPS DISTRIBUIDAS\HistoryFantasy\A-Fantasy-about-History\A-Fantasy-about-History\Proyecto\A-History-Fantasy\src\main\java\es\urjc\etsii\dad\Components\User.java
D:\UNIVERSIDAD\4º\2º CUATRIMESTRE\DESARROLLO APPS DISTRIBUIDAS\HistoryFantasy\A-Fantasy-about-History\A-Fantasy-about-History\Proyecto\A-History-Fantasy\src\main\java\es\urjc\etsii\dad\Components\WebController.java
D:\UNIVERSIDAD\4º\2º CUATRIMESTRE\DESARROLLO APPS DISTRIBUIDAS\HistoryFantasy\A-Fantasy-about-History\A-Fantasy-about-History\Proyecto\A-History-Fantasy\src\main\java\es\urjc\etsii\dad\Components\BatallaWebController.java
D:\UNIVERSIDAD\4º\2º CUATRIMESTRE\DESARROLLO APPS DISTRIBUIDAS\HistoryFantasy\A-Fantasy-about-History\A-Fantasy-about-History\Proyecto\A-History-Fantasy\src\main\java\es\urjc\etsii\dad\Components\MercadoWebController.java
D:\UNIVERSIDAD\4º\2º CUATRIMESTRE\DESARROLLO APPS DISTRIBUIDAS\HistoryFantasy\A-Fantasy-about-History\A-Fantasy-about-History\Proyecto\A-History-Fantasy\src\main\java\es\urjc\etsii\dad\Components\FormacionRepository.java
D:\UNIVERSIDAD\4º\2º CUATRIMESTRE\DESARROLLO APPS DISTRIBUIDAS\HistoryFantasy\A-Fantasy-about-History\A-Fantasy-about-History\Proyecto\A-History-Fantasy\src\main\java\es\urjc\etsii\dad\Components\Mercado.java
D:\UNIVERSIDAD\4º\2º CUATRIMESTRE\DESARROLLO APPS DISTRIBUIDAS\HistoryFantasy\A-Fantasy-about-History\A-Fantasy-about-History\Proyecto\A-History-Fantasy\src\main\java\es\urjc\etsii\dad\Components\Personaje.java
D:\UNIVERSIDAD\4º\2º CUATRIMESTRE\DESARROLLO APPS DISTRIBUIDAS\HistoryFantasy\A-Fantasy-about-History\A-Fantasy-about-History\Proyecto\A-History-Fantasy\src\main\java\es\urjc\etsii\dad\Components\UserRepositoryAuthenticationProvider.java
