D:\UNIVERSIDAD\4º\2º CUATRIMESTRE\DESARROLLO APPS DISTRIBUIDAS\HistoryFantasy\A-Fantasy-about-History\A-Fantasy-about-History\Proyecto\ServidorInterno\src\main\java\com\servidorInterno\HistoryFantasy\ControlMercado.java
D:\UNIVERSIDAD\4º\2º CUATRIMESTRE\DESARROLLO APPS DISTRIBUIDAS\HistoryFantasy\A-Fantasy-about-History\A-Fantasy-about-History\Proyecto\ServidorInterno\src\main\java\com\servidorInterno\HistoryFantasy\FormacionRepository.java
D:\UNIVERSIDAD\4º\2º CUATRIMESTRE\DESARROLLO APPS DISTRIBUIDAS\HistoryFantasy\A-Fantasy-about-History\A-Fantasy-about-History\Proyecto\ServidorInterno\src\main\java\com\servidorInterno\HistoryFantasy\ControlPuja.java
D:\UNIVERSIDAD\4º\2º CUATRIMESTRE\DESARROLLO APPS DISTRIBUIDAS\HistoryFantasy\A-Fantasy-about-History\A-Fantasy-about-History\Proyecto\ServidorInterno\src\main\java\com\servidorInterno\HistoryFantasy\ControlPersonajes.java
D:\UNIVERSIDAD\4º\2º CUATRIMESTRE\DESARROLLO APPS DISTRIBUIDAS\HistoryFantasy\A-Fantasy-about-History\A-Fantasy-about-History\Proyecto\ServidorInterno\src\main\java\com\servidorInterno\HistoryFantasy\RefrescarMercadoService.java
D:\UNIVERSIDAD\4º\2º CUATRIMESTRE\DESARROLLO APPS DISTRIBUIDAS\HistoryFantasy\A-Fantasy-about-History\A-Fantasy-about-History\Proyecto\ServidorInterno\src\main\java\com\servidorInterno\HistoryFantasy\Formacion.java
D:\UNIVERSIDAD\4º\2º CUATRIMESTRE\DESARROLLO APPS DISTRIBUIDAS\HistoryFantasy\A-Fantasy-about-History\A-Fantasy-about-History\Proyecto\ServidorInterno\src\main\java\com\servidorInterno\HistoryFantasy\ServicioInternoController.java
D:\UNIVERSIDAD\4º\2º CUATRIMESTRE\DESARROLLO APPS DISTRIBUIDAS\HistoryFantasy\A-Fantasy-about-History\A-Fantasy-about-History\Proyecto\ServidorInterno\src\main\java\com\servidorInterno\HistoryFantasy\BatallaService.java
D:\UNIVERSIDAD\4º\2º CUATRIMESTRE\DESARROLLO APPS DISTRIBUIDAS\HistoryFantasy\A-Fantasy-about-History\A-Fantasy-about-History\Proyecto\ServidorInterno\src\main\java\com\servidorInterno\HistoryFantasy\ServidorInternoApplication.java
D:\UNIVERSIDAD\4º\2º CUATRIMESTRE\DESARROLLO APPS DISTRIBUIDAS\HistoryFantasy\A-Fantasy-about-History\A-Fantasy-about-History\Proyecto\ServidorInterno\src\main\java\com\servidorInterno\HistoryFantasy\ControlFormaciones.java
D:\UNIVERSIDAD\4º\2º CUATRIMESTRE\DESARROLLO APPS DISTRIBUIDAS\HistoryFantasy\A-Fantasy-about-History\A-Fantasy-about-History\Proyecto\ServidorInterno\src\main\java\com\servidorInterno\HistoryFantasy\Puja.java
D:\UNIVERSIDAD\4º\2º CUATRIMESTRE\DESARROLLO APPS DISTRIBUIDAS\HistoryFantasy\A-Fantasy-about-History\A-Fantasy-about-History\Proyecto\ServidorInterno\src\main\java\com\servidorInterno\HistoryFantasy\UserRepository.java
D:\UNIVERSIDAD\4º\2º CUATRIMESTRE\DESARROLLO APPS DISTRIBUIDAS\HistoryFantasy\A-Fantasy-about-History\A-Fantasy-about-History\Proyecto\ServidorInterno\src\main\java\com\servidorInterno\HistoryFantasy\PersonajeRepository.java
D:\UNIVERSIDAD\4º\2º CUATRIMESTRE\DESARROLLO APPS DISTRIBUIDAS\HistoryFantasy\A-Fantasy-about-History\A-Fantasy-about-History\Proyecto\ServidorInterno\src\main\java\com\servidorInterno\HistoryFantasy\Mercado.java
D:\UNIVERSIDAD\4º\2º CUATRIMESTRE\DESARROLLO APPS DISTRIBUIDAS\HistoryFantasy\A-Fantasy-about-History\A-Fantasy-about-History\Proyecto\ServidorInterno\src\main\java\com\servidorInterno\HistoryFantasy\MercadoRepository.java
D:\UNIVERSIDAD\4º\2º CUATRIMESTRE\DESARROLLO APPS DISTRIBUIDAS\HistoryFantasy\A-Fantasy-about-History\A-Fantasy-about-History\Proyecto\ServidorInterno\src\main\java\com\servidorInterno\HistoryFantasy\Batalla.java
D:\UNIVERSIDAD\4º\2º CUATRIMESTRE\DESARROLLO APPS DISTRIBUIDAS\HistoryFantasy\A-Fantasy-about-History\A-Fantasy-about-History\Proyecto\ServidorInterno\src\main\java\com\servidorInterno\HistoryFantasy\ProcesadorSocket.java
D:\UNIVERSIDAD\4º\2º CUATRIMESTRE\DESARROLLO APPS DISTRIBUIDAS\HistoryFantasy\A-Fantasy-about-History\A-Fantasy-about-History\Proyecto\ServidorInterno\src\main\java\com\servidorInterno\HistoryFantasy\ControlUsuarios.java
D:\UNIVERSIDAD\4º\2º CUATRIMESTRE\DESARROLLO APPS DISTRIBUIDAS\HistoryFantasy\A-Fantasy-about-History\A-Fantasy-about-History\Proyecto\ServidorInterno\src\main\java\com\servidorInterno\HistoryFantasy\Personaje.java
D:\UNIVERSIDAD\4º\2º CUATRIMESTRE\DESARROLLO APPS DISTRIBUIDAS\HistoryFantasy\A-Fantasy-about-History\A-Fantasy-about-History\Proyecto\ServidorInterno\src\main\java\com\servidorInterno\HistoryFantasy\User.java
D:\UNIVERSIDAD\4º\2º CUATRIMESTRE\DESARROLLO APPS DISTRIBUIDAS\HistoryFantasy\A-Fantasy-about-History\A-Fantasy-about-History\Proyecto\ServidorInterno\src\main\java\com\servidorInterno\HistoryFantasy\EjecutarBatallaService.java
D:\UNIVERSIDAD\4º\2º CUATRIMESTRE\DESARROLLO APPS DISTRIBUIDAS\HistoryFantasy\A-Fantasy-about-History\A-Fantasy-about-History\Proyecto\ServidorInterno\src\main\java\com\servidorInterno\HistoryFantasy\Enums.java
D:\UNIVERSIDAD\4º\2º CUATRIMESTRE\DESARROLLO APPS DISTRIBUIDAS\HistoryFantasy\A-Fantasy-about-History\A-Fantasy-about-History\Proyecto\ServidorInterno\src\main\java\com\servidorInterno\HistoryFantasy\ComSockets.java
D:\UNIVERSIDAD\4º\2º CUATRIMESTRE\DESARROLLO APPS DISTRIBUIDAS\HistoryFantasy\A-Fantasy-about-History\A-Fantasy-about-History\Proyecto\ServidorInterno\src\main\java\com\servidorInterno\HistoryFantasy\BatallaRepository.java
D:\UNIVERSIDAD\4º\2º CUATRIMESTRE\DESARROLLO APPS DISTRIBUIDAS\HistoryFantasy\A-Fantasy-about-History\A-Fantasy-about-History\Proyecto\ServidorInterno\src\main\java\com\servidorInterno\HistoryFantasy\PujaRepository.java
